// Vitest Snapshot v1, https://vitest.dev/guide/snapshot.html

exports[`bezier-controls > getBezierControlPoints 1`] = `
{
  "center": {
    "x": 275,
    "y": 69.25,
  },
  "controls": [
    {
      "x": 325,
      "y": 69.25,
    },
    {
      "x": 225,
      "y": 69.25,
    },
  ],
}
`;
